10:14:16 **** Incremental Build of configuration Debug for project prva_app ****
make all 
make: Ništa za napraviti za `all'.
10:15:21 **** Auto Build of configuration Debug for project prva_app ****
make all 
'Building file: ../src/helloworld.c'
'Invoking: MicroBlaze gcc compiler'
mb-gcc -Wall -O0 -g3 -c -fmessage-length=0 -I../../prva_app_bsp/microblaze_0/include -mlittle-endian -mxl-barrel-shift -mxl-pattern-compare -mcpu=v8.50.b -mno-xl-soft-mul -Wl,--no-relax -ffunction-sections -fdata-sections -MMD -MP -MF"src/helloworld.d" -MT"src/helloworld.d" -o "src/helloworld.o" "../src/helloworld.c"
'Finished building: ../src/helloworld.c'
' '
'Building target: prva_app.elf'
'Invoking: MicroBlaze gcc linker'
mb-gcc -Wl,-T -Wl,../src/lscript.ld -L../../prva_app_bsp/microblaze_0/lib -mlittle-endian -mxl-barrel-shift -mxl-pattern-compare -mcpu=v8.50.b -mno-xl-soft-mul -Wl,--no-relax -Wl,--gc-sections -o "prva_app.elf"  ./src/helloworld.o ./src/platform.o   -Wl,--start-group,-lxil,-lgcc,-lc,--end-group
'Finished building target: prva_app.elf'
' '
'Invoking: MicroBlaze Print Size'
mb-size prva_app.elf  |tee "prva_app.elf.size"
   text	   data	    bss	    dec	    hex	filename
   5078	    272	   2080	   7430	   1d06	prva_app.elf
'Finished building: prva_app.elf.size'
' '
'Invoking: Xilinx ELF Check'
elfcheck prva_app.elf -hw ../../lab3_hw_platform/system.xml -pe microblaze_0  |tee "prva_app.elf.elfcheck"
elfcheck
Xilinx EDK 14.6 Build EDK_P.68d
Copyright (c) 1995-2012 Xilinx, Inc.  All rights reserved.

Command Line: elfcheck -hw ../../lab3_hw_platform/system.xml -pe microblaze_0
prva_app.elf 

ELF file	: prva_app.elf
elfcheck passed.
'Finished building: prva_app.elf.elfcheck'
' '
10:15:43 **** Incremental Build of configuration Debug for project prva_app ****
make all 
make: Ništa za napraviti za `all'.
